// Jest Snapshot v1, https://goo.gl/fbAQLP

exports[`Calculator Should compare against snapshot <Calculator/> 1`] = `ShallowWrapper {}`;
