// Jest Snapshot v1, https://goo.gl/fbAQLP

exports[`Keypad Unit Tests Should compare against snapshot <Keypad/> 1`] = `ShallowWrapper {}`;
