// Jest Snapshot v1, https://goo.gl/fbAQLP

exports[`App Should compare against snapshot 1`] = `ShallowWrapper {}`;
