// Jest Snapshot v1, https://goo.gl/fbAQLP

exports[`Display Unit Tests Should compare against snapshot <Display/> 1`] = `ShallowWrapper {}`;
